src/components/home/CTASection.tsx(1,25): error TS2307: Cannot find module 'framer-motion' or its corresponding type declarations.
src/components/home/HeroSection.tsx(1,25): error TS2307: Cannot find module 'framer-motion' or its corresponding type declarations.
src/components/home/ServicesSection.tsx(1,25): error TS2307: Cannot find module 'framer-motion' or its corresponding type declarations.
src/components/home/SpeakersPreview.tsx(1,25): error TS2307: Cannot find module 'framer-motion' or its corresponding type declarations.
src/components/home/UpcomingEventsSection.tsx(1,25): error TS2307: Cannot find module 'framer-motion' or its corresponding type declarations.
src/components/layout/Navbar.tsx(3,41): error TS2307: Cannot find module 'framer-motion' or its corresponding type declarations.
src/components/layout/Navbar.tsx(6,1): error TS6133: 'logo' is declared but its value is never read.
src/components/ui/calendar.tsx(45,20): error TS6133: '_props' is declared but its value is never read.
src/components/ui/calendar.tsx(46,21): error TS6133: '_props' is declared but its value is never read.
src/pages/About.tsx(1,25): error TS2307: Cannot find module 'framer-motion' or its corresponding type declarations.
src/pages/AdvisorySpeakers.tsx(1,24): error TS2307: Cannot find module 'framer-motion' or its corresponding type declarations.
src/pages/Books.tsx(1,25): error TS2307: Cannot find module 'framer-motion' or its corresponding type declarations.
src/pages/Contact.tsx(1,25): error TS2307: Cannot find module 'framer-motion' or its corresponding type declarations.
src/pages/InnovationChallenge.tsx(1,25): error TS2307: Cannot find module 'framer-motion' or its corresponding type declarations.
src/pages/PastSpeakers.tsx(1,25): error TS2307: Cannot find module 'framer-motion' or its corresponding type declarations.
src/pages/Proceedings.tsx(1,25): error TS2307: Cannot find module 'framer-motion' or its corresponding type declarations.
src/pages/RecentConferences.tsx(1,25): error TS2307: Cannot find module 'framer-motion' or its corresponding type declarations.
src/pages/Registrations.tsx(1,25): error TS2307: Cannot find module 'framer-motion' or its corresponding type declarations.
src/pages/ShareYourStory.tsx(1,25): error TS2307: Cannot find module 'framer-motion' or its corresponding type declarations.
src/pages/UpcomingConferences.tsx(1,25): error TS2307: Cannot find module 'framer-motion' or its corresponding type declarations.
